<html>
<body>
<pre>
<h1>µVision Build Log</h1>
<h2>Project:</h2>
C:\EE445L\EE445L_Lab4\CC3100GetWeather_4C123\getWeather.uvproj
Project File Date:  09/21/2016

<h2>Output:</h2>
Build target 'getWeather'
compiling main.c...
linking...
Program Size: Code=13900 RO-data=1824 RW-data=56 ZI-data=19512  
After Build - User command #1: fromelf --bin --output .\rvmdk\cc31000_starter.bin .\rvmdk\cc31000_starter.axf
".\rvmdk\getWeather.axf" - 0 Error(s), 0 Warning(s).
</pre>
</body>
</html>
Weather.axf" - 0 Error(s), 0 Warning(s).
ectory
  #include "driverlib/ssi.h"
..\cc3100\platform\ek-tm4c123gxl\board.c: 0 warnings, 1 error
compiling Nokia5110.c...
compiling LED.c...
compiling device.c...
compiling driver.c...
compiling flowcont.c...
compiling fs.c...
compiling netapp.c...
compiling netcfg.c...
compiling nonos.c...
compiling socket.c...
compiling spawn.c...
compiling spi.c...
..\cc3100\platform\ek-tm4c123gxl\spi.c(45): error:  #5: cannot open source input file "driverlib/pin_map.h": No such file or directory
  #include "driverlib/pin_map.h"
..\cc3100\platform\ek-tm4c123gxl\spi.c: 0 warnings, 1 error
assembling startup_rvmdk.S...
compiling uart.c...
compiling wlan.c...
compiling uartstdio.c...
uartstdio.c: Error:  #5: cannot open source input file "..\utils\uartstdio.c": No such file or directory
..\utils\uartstdio.c: 0 warnings, 1 error
".\rvmdk\getWeather.axf" - 4 Error(s), 0 Warning(s).
Target not created
